  Determining projects to restore...
C:\source\cursor\AgodaAnalyzers\AgodaAnalyzers\src\Agoda.Analyzers\Agoda.Analyzers.csproj : warning NU1903: Package 'Newtonsoft.Json' 12.0.3 has a known high severity vulnerability, https://github.com/advisories/GHSA-5crp-9r3c-p9vr [C:\source\cursor\AgodaAnalyzers\AgodaAnalyzers\src\AgodaAnalyzers.sln]
C:\source\cursor\AgodaAnalyzers\AgodaAnalyzers\src\Agoda.Analyzers.Test\Agoda.Analyzers.Test.csproj : warning NU1903: Package 'Microsoft.AspNetCore.Http' 2.1.1 has a known high severity vulnerability, https://github.com/advisories/GHSA-hxrm-9w7p-39cc [C:\source\cursor\AgodaAnalyzers\AgodaAnalyzers\src\AgodaAnalyzers.sln]
C:\source\cursor\AgodaAnalyzers\AgodaAnalyzers\src\Agoda.Analyzers.Test\Agoda.Analyzers.Test.csproj : warning NU1701: Package 'Microsoft.AspNet.Mvc 5.2.3' was restored using '.NETFramework,Version=v4.6.1, .NETFramework,Version=v4.6.2, .NETFramework,Version=v4.7, .NETFramework,Version=v4.7.1, .NETFramework,Version=v4.7.2, .NETFramework,Version=v4.8, .NETFramework,Version=v4.8.1' instead of the project target framework 'net6.0'. This package may not be fully compatible with your project. [C:\source\cursor\AgodaAnalyzers\AgodaAnalyzers\src\AgodaAnalyzers.sln]
C:\source\cursor\AgodaAnalyzers\AgodaAnalyzers\src\Agoda.Analyzers.Test\Agoda.Analyzers.Test.csproj : warning NU1701: Package 'Microsoft.AspNet.Razor 3.2.3' was restored using '.NETFramework,Version=v4.6.1, .NETFramework,Version=v4.6.2, .NETFramework,Version=v4.7, .NETFramework,Version=v4.7.1, .NETFramework,Version=v4.7.2, .NETFramework,Version=v4.8, .NETFramework,Version=v4.8.1' instead of the project target framework 'net6.0'. This package may not be fully compatible with your project. [C:\source\cursor\AgodaAnalyzers\AgodaAnalyzers\src\AgodaAnalyzers.sln]
C:\source\cursor\AgodaAnalyzers\AgodaAnalyzers\src\Agoda.Analyzers.Test\Agoda.Analyzers.Test.csproj : warning NU1701: Package 'Microsoft.AspNet.WebPages 3.2.3' was restored using '.NETFramework,Version=v4.6.1, .NETFramework,Version=v4.6.2, .NETFramework,Version=v4.7, .NETFramework,Version=v4.7.1, .NETFramework,Version=v4.7.2, .NETFramework,Version=v4.8, .NETFramework,Version=v4.8.1' instead of the project target framework 'net6.0'. This package may not be fully compatible with your project. [C:\source\cursor\AgodaAnalyzers\AgodaAnalyzers\src\AgodaAnalyzers.sln]
C:\source\cursor\AgodaAnalyzers\AgodaAnalyzers\src\Agoda.Analyzers.Test\Agoda.Analyzers.Test.csproj : warning NU1701: Package 'Microsoft.Composition 1.0.27' was restored using '.NETFramework,Version=v4.6.1, .NETFramework,Version=v4.6.2, .NETFramework,Version=v4.7, .NETFramework,Version=v4.7.1, .NETFramework,Version=v4.7.2, .NETFramework,Version=v4.8, .NETFramework,Version=v4.8.1' instead of the project target framework 'net6.0'. This package may not be fully compatible with your project. [C:\source\cursor\AgodaAnalyzers\AgodaAnalyzers\src\AgodaAnalyzers.sln]
C:\source\cursor\AgodaAnalyzers\AgodaAnalyzers\src\Agoda.Analyzers.Test\Agoda.Analyzers.Test.csproj : warning NU1701: Package 'Microsoft.Web.Infrastructure 1.0.0' was restored using '.NETFramework,Version=v4.6.1, .NETFramework,Version=v4.6.2, .NETFramework,Version=v4.7, .NETFramework,Version=v4.7.1, .NETFramework,Version=v4.7.2, .NETFramework,Version=v4.8, .NETFramework,Version=v4.8.1' instead of the project target framework 'net6.0'. This package may not be fully compatible with your project. [C:\source\cursor\AgodaAnalyzers\AgodaAnalyzers\src\AgodaAnalyzers.sln]
  All projects are up-to-date for restore.
C:\source\cursor\AgodaAnalyzers\AgodaAnalyzers\src\Agoda.Analyzers.Vsix\Agoda.Analyzers.Vsix.csproj(76,3): error MSB4019: The imported project "C:\Program Files\dotnet\sdk\9.0.203\Microsoft\VisualStudio\v17.0\VSSDK\Microsoft.VsSDK.targets" was not found. Confirm that the expression in the Import declaration "$(VSToolsPath)\VSSDK\Microsoft.VsSDK.targets", which evaluated to "C:\Program Files\dotnet\sdk\9.0.203\Microsoft\VisualStudio\v17.0\VSSDK\Microsoft.VsSDK.targets", is correct, and that the file exists on disk.
C:\source\cursor\AgodaAnalyzers\AgodaAnalyzers\src\Agoda.Analyzers.Test\Agoda.Analyzers.Test.csproj : warning NU1903: Package 'Microsoft.AspNetCore.Http' 2.1.1 has a known high severity vulnerability, https://github.com/advisories/GHSA-hxrm-9w7p-39cc [TargetFramework=net6]
C:\source\cursor\AgodaAnalyzers\AgodaAnalyzers\src\Agoda.Analyzers.Test\Agoda.Analyzers.Test.csproj : warning NU1701: Package 'Microsoft.AspNet.Mvc 5.2.3' was restored using '.NETFramework,Version=v4.6.1, .NETFramework,Version=v4.6.2, .NETFramework,Version=v4.7, .NETFramework,Version=v4.7.1, .NETFramework,Version=v4.7.2, .NETFramework,Version=v4.8, .NETFramework,Version=v4.8.1' instead of the project target framework 'net6.0'. This package may not be fully compatible with your project. [TargetFramework=net6]
C:\source\cursor\AgodaAnalyzers\AgodaAnalyzers\src\Agoda.Analyzers.Test\Agoda.Analyzers.Test.csproj : warning NU1701: Package 'Microsoft.AspNet.Razor 3.2.3' was restored using '.NETFramework,Version=v4.6.1, .NETFramework,Version=v4.6.2, .NETFramework,Version=v4.7, .NETFramework,Version=v4.7.1, .NETFramework,Version=v4.7.2, .NETFramework,Version=v4.8, .NETFramework,Version=v4.8.1' instead of the project target framework 'net6.0'. This package may not be fully compatible with your project. [TargetFramework=net6]
C:\source\cursor\AgodaAnalyzers\AgodaAnalyzers\src\Agoda.Analyzers.Test\Agoda.Analyzers.Test.csproj : warning NU1701: Package 'Microsoft.AspNet.WebPages 3.2.3' was restored using '.NETFramework,Version=v4.6.1, .NETFramework,Version=v4.6.2, .NETFramework,Version=v4.7, .NETFramework,Version=v4.7.1, .NETFramework,Version=v4.7.2, .NETFramework,Version=v4.8, .NETFramework,Version=v4.8.1' instead of the project target framework 'net6.0'. This package may not be fully compatible with your project. [TargetFramework=net6]
C:\source\cursor\AgodaAnalyzers\AgodaAnalyzers\src\Agoda.Analyzers.Test\Agoda.Analyzers.Test.csproj : warning NU1701: Package 'Microsoft.Composition 1.0.27' was restored using '.NETFramework,Version=v4.6.1, .NETFramework,Version=v4.6.2, .NETFramework,Version=v4.7, .NETFramework,Version=v4.7.1, .NETFramework,Version=v4.7.2, .NETFramework,Version=v4.8, .NETFramework,Version=v4.8.1' instead of the project target framework 'net6.0'. This package may not be fully compatible with your project. [TargetFramework=net6]
C:\source\cursor\AgodaAnalyzers\AgodaAnalyzers\src\Agoda.Analyzers.Test\Agoda.Analyzers.Test.csproj : warning NU1701: Package 'Microsoft.Web.Infrastructure 1.0.0' was restored using '.NETFramework,Version=v4.6.1, .NETFramework,Version=v4.6.2, .NETFramework,Version=v4.7, .NETFramework,Version=v4.7.1, .NETFramework,Version=v4.7.2, .NETFramework,Version=v4.8, .NETFramework,Version=v4.8.1' instead of the project target framework 'net6.0'. This package may not be fully compatible with your project. [TargetFramework=net6]
C:\source\cursor\AgodaAnalyzers\AgodaAnalyzers\src\Agoda.Analyzers\Agoda.Analyzers.csproj : warning NU1903: Package 'Newtonsoft.Json' 12.0.3 has a known high severity vulnerability, https://github.com/advisories/GHSA-5crp-9r3c-p9vr [TargetFramework=net472]
C:\source\cursor\AgodaAnalyzers\AgodaAnalyzers\src\Agoda.Analyzers\Agoda.Analyzers.csproj : warning NU1903: Package 'Newtonsoft.Json' 12.0.3 has a known high severity vulnerability, https://github.com/advisories/GHSA-5crp-9r3c-p9vr [TargetFramework=netstandard2.0]
  Agoda.Analyzers -> C:\source\cursor\AgodaAnalyzers\AgodaAnalyzers\src\Agoda.Analyzers\bin\Debug\net472\Agoda.Analyzers.dll
  Agoda.Analyzers -> C:\source\cursor\AgodaAnalyzers\AgodaAnalyzers\src\Agoda.Analyzers\bin\Debug\netstandard2.0\Agoda.Analyzers.dll
C:\source\cursor\AgodaAnalyzers\AgodaAnalyzers\src\Agoda.Analyzers\Agoda.Analyzers.csproj : warning NU1903: Package 'Newtonsoft.Json' 12.0.3 has a known high severity vulnerability, https://github.com/advisories/GHSA-5crp-9r3c-p9vr [TargetFramework=net472]
C:\source\cursor\AgodaAnalyzers\AgodaAnalyzers\src\Agoda.Analyzers\Agoda.Analyzers.csproj : warning NU1903: Package 'Newtonsoft.Json' 12.0.3 has a known high severity vulnerability, https://github.com/advisories/GHSA-5crp-9r3c-p9vr [TargetFramework=netstandard2.0]
C:\Program Files\dotnet\sdk\9.0.203\Sdks\NuGet.Build.Tasks.Pack\buildCrossTargeting\NuGet.Build.Tasks.Pack.targets(221,5): error : Could not find a part of the path 'C:\source\cursor\AgodaAnalyzers\AgodaAnalyzers\src\Agoda.Analyzers\bin\Release\netstandard2.0'. [C:\source\cursor\AgodaAnalyzers\AgodaAnalyzers\src\Agoda.Analyzers\Agoda.Analyzers.csproj]
C:\Program Files\dotnet\sdk\9.0.203\Microsoft.Common.CurrentVersion.targets(2424,5): warning MSB3245: Could not resolve this reference. Could not locate the assembly "System.Web". Check to make sure the assembly exists on disk. If this reference is required by your code, you may get compilation errors. [C:\source\cursor\AgodaAnalyzers\AgodaAnalyzers\src\Agoda.Analyzers.Test\Agoda.Analyzers.Test.csproj::TargetFramework=net6]
C:\Program Files\dotnet\sdk\9.0.203\Microsoft.Common.CurrentVersion.targets(2424,5): warning MSB3243: No way to resolve conflict between "System.Web, Version=4.0.0.0, Culture=neutral, PublicKeyToken=b03f5f7f11d50a3a" and "System.Web". Choosing "System.Web, Version=4.0.0.0, Culture=neutral, PublicKeyToken=b03f5f7f11d50a3a" arbitrarily. [C:\source\cursor\AgodaAnalyzers\AgodaAnalyzers\src\Agoda.Analyzers.Test\Agoda.Analyzers.Test.csproj::TargetFramework=net6]
C:\source\cursor\AgodaAnalyzers\AgodaAnalyzers\src\Agoda.Analyzers.Test\AgodaCustom\AG0048UnitTests.cs(41,35): error CS1003: Syntax error, ',' expected [C:\source\cursor\AgodaAnalyzers\AgodaAnalyzers\src\Agoda.Analyzers.Test\Agoda.Analyzers.Test.csproj::TargetFramework=net6]
C:\source\cursor\AgodaAnalyzers\AgodaAnalyzers\src\Agoda.Analyzers.Test\AgodaCustom\AG0048UnitTests.cs(41,39): error CS1056: Unexpected character '\' [C:\source\cursor\AgodaAnalyzers\AgodaAnalyzers\src\Agoda.Analyzers.Test\Agoda.Analyzers.Test.csproj::TargetFramework=net6]
C:\source\cursor\AgodaAnalyzers\AgodaAnalyzers\src\Agoda.Analyzers.Test\AgodaCustom\AG0048UnitTests.cs(41,40): error CS1003: Syntax error, ',' expected [C:\source\cursor\AgodaAnalyzers\AgodaAnalyzers\src\Agoda.Analyzers.Test\Agoda.Analyzers.Test.csproj::TargetFramework=net6]
C:\source\cursor\AgodaAnalyzers\AgodaAnalyzers\src\Agoda.Analyzers.Test\AgodaCustom\AG0048UnitTests.cs(41,40): error CS1010: Newline in constant [C:\source\cursor\AgodaAnalyzers\AgodaAnalyzers\src\Agoda.Analyzers.Test\Agoda.Analyzers.Test.csproj::TargetFramework=net6]
C:\source\cursor\AgodaAnalyzers\AgodaAnalyzers\src\Agoda.Analyzers.Test\AgodaCustom\AG0048UnitTests.cs(42,10): error CS1003: Syntax error, ',' expected [C:\source\cursor\AgodaAnalyzers\AgodaAnalyzers\src\Agoda.Analyzers.Test\Agoda.Analyzers.Test.csproj::TargetFramework=net6]
C:\source\cursor\AgodaAnalyzers\AgodaAnalyzers\src\Agoda.Analyzers.Test\AgodaCustom\AG0048UnitTests.cs(43,15): error CS1002: ; expected [C:\source\cursor\AgodaAnalyzers\AgodaAnalyzers\src\Agoda.Analyzers.Test\Agoda.Analyzers.Test.csproj::TargetFramework=net6]
C:\source\cursor\AgodaAnalyzers\AgodaAnalyzers\src\Agoda.Analyzers.Test\AgodaCustom\AG0048UnitTests.cs(43,26): error CS1026: ) expected [C:\source\cursor\AgodaAnalyzers\AgodaAnalyzers\src\Agoda.Analyzers.Test\Agoda.Analyzers.Test.csproj::TargetFramework=net6]
C:\source\cursor\AgodaAnalyzers\AgodaAnalyzers\src\Agoda.Analyzers.Test\AgodaCustom\AG0048UnitTests.cs(43,26): error CS1002: ; expected [C:\source\cursor\AgodaAnalyzers\AgodaAnalyzers\src\Agoda.Analyzers.Test\Agoda.Analyzers.Test.csproj::TargetFramework=net6]
C:\source\cursor\AgodaAnalyzers\AgodaAnalyzers\src\Agoda.Analyzers.Test\AgodaCustom\AG0048UnitTests.cs(43,28): error CS1002: ; expected [C:\source\cursor\AgodaAnalyzers\AgodaAnalyzers\src\Agoda.Analyzers.Test\Agoda.Analyzers.Test.csproj::TargetFramework=net6]
C:\source\cursor\AgodaAnalyzers\AgodaAnalyzers\src\Agoda.Analyzers.Test\AgodaCustom\AG0048UnitTests.cs(43,28): error CS1513: } expected [C:\source\cursor\AgodaAnalyzers\AgodaAnalyzers\src\Agoda.Analyzers.Test\Agoda.Analyzers.Test.csproj::TargetFramework=net6]
C:\source\cursor\AgodaAnalyzers\AgodaAnalyzers\src\Agoda.Analyzers.Test\AgodaCustom\AG0048UnitTests.cs(45,30): error CS1056: Unexpected character '\' [C:\source\cursor\AgodaAnalyzers\AgodaAnalyzers\src\Agoda.Analyzers.Test\Agoda.Analyzers.Test.csproj::TargetFramework=net6]
C:\source\cursor\AgodaAnalyzers\AgodaAnalyzers\src\Agoda.Analyzers.Test\AgodaCustom\AG0048UnitTests.cs(45,31): error CS1010: Newline in constant [C:\source\cursor\AgodaAnalyzers\AgodaAnalyzers\src\Agoda.Analyzers.Test\Agoda.Analyzers.Test.csproj::TargetFramework=net6]
C:\source\cursor\AgodaAnalyzers\AgodaAnalyzers\src\Agoda.Analyzers.Test\AgodaCustom\AG0048UnitTests.cs(45,85): error CS1026: ) expected [C:\source\cursor\AgodaAnalyzers\AgodaAnalyzers\src\Agoda.Analyzers.Test\Agoda.Analyzers.Test.csproj::TargetFramework=net6]
C:\source\cursor\AgodaAnalyzers\AgodaAnalyzers\src\Agoda.Analyzers.Test\AgodaCustom\AG0048UnitTests.cs(45,85): error CS1002: ; expected [C:\source\cursor\AgodaAnalyzers\AgodaAnalyzers\src\Agoda.Analyzers.Test\Agoda.Analyzers.Test.csproj::TargetFramework=net6]
C:\source\cursor\AgodaAnalyzers\AgodaAnalyzers\src\Agoda.Analyzers.Test\AgodaCustom\AG0048UnitTests.cs(48,2): error CS1010: Newline in constant [C:\source\cursor\AgodaAnalyzers\AgodaAnalyzers\src\Agoda.Analyzers.Test\Agoda.Analyzers.Test.csproj::TargetFramework=net6]
C:\source\cursor\AgodaAnalyzers\AgodaAnalyzers\src\Agoda.Analyzers.Test\AgodaCustom\AG0048UnitTests.cs(49,9): error CS1022: Type or namespace definition, or end-of-file expected [C:\source\cursor\AgodaAnalyzers\AgodaAnalyzers\src\Agoda.Analyzers.Test\Agoda.Analyzers.Test.csproj::TargetFramework=net6]
C:\source\cursor\AgodaAnalyzers\AgodaAnalyzers\src\Agoda.Analyzers.Test\AgodaCustom\AG0048UnitTests.cs(49,10): error CS8803: Top-level statements must precede namespace and type declarations. [C:\source\cursor\AgodaAnalyzers\AgodaAnalyzers\src\Agoda.Analyzers.Test\Agoda.Analyzers.Test.csproj::TargetFramework=net6]
C:\source\cursor\AgodaAnalyzers\AgodaAnalyzers\src\Agoda.Analyzers.Test\AgodaCustom\AG0048UnitTests.cs(52,5): error CS1022: Type or namespace definition, or end-of-file expected [C:\source\cursor\AgodaAnalyzers\AgodaAnalyzers\src\Agoda.Analyzers.Test\Agoda.Analyzers.Test.csproj::TargetFramework=net6]
C:\source\cursor\AgodaAnalyzers\AgodaAnalyzers\src\Agoda.Analyzers.Test\AgodaCustom\AG0048UnitTests.cs(55,5): error CS0106: The modifier 'public' is not valid for this item [C:\source\cursor\AgodaAnalyzers\AgodaAnalyzers\src\Agoda.Analyzers.Test\Agoda.Analyzers.Test.csproj::TargetFramework=net6]
C:\source\cursor\AgodaAnalyzers\AgodaAnalyzers\src\Agoda.Analyzers.Test\AgodaCustom\AG0048UnitTests.cs(91,5): error CS0106: The modifier 'public' is not valid for this item [C:\source\cursor\AgodaAnalyzers\AgodaAnalyzers\src\Agoda.Analyzers.Test\Agoda.Analyzers.Test.csproj::TargetFramework=net6]
C:\source\cursor\AgodaAnalyzers\AgodaAnalyzers\src\Agoda.Analyzers.Test\AgodaCustom\AG0048UnitTests.cs(127,5): error CS0106: The modifier 'public' is not valid for this item [C:\source\cursor\AgodaAnalyzers\AgodaAnalyzers\src\Agoda.Analyzers.Test\Agoda.Analyzers.Test.csproj::TargetFramework=net6]
C:\source\cursor\AgodaAnalyzers\AgodaAnalyzers\src\Agoda.Analyzers.Test\AgodaCustom\AG0048UnitTests.cs(163,5): error CS0106: The modifier 'public' is not valid for this item [C:\source\cursor\AgodaAnalyzers\AgodaAnalyzers\src\Agoda.Analyzers.Test\Agoda.Analyzers.Test.csproj::TargetFramework=net6]
C:\source\cursor\AgodaAnalyzers\AgodaAnalyzers\src\Agoda.Analyzers.Test\AgodaCustom\AG0048UnitTests.cs(175,29): error CS1003: Syntax error, ',' expected [C:\source\cursor\AgodaAnalyzers\AgodaAnalyzers\src\Agoda.Analyzers.Test\Agoda.Analyzers.Test.csproj::TargetFramework=net6]
C:\source\cursor\AgodaAnalyzers\AgodaAnalyzers\src\Agoda.Analyzers.Test\AgodaCustom\AG0048UnitTests.cs(175,34): error CS1513: } expected [C:\source\cursor\AgodaAnalyzers\AgodaAnalyzers\src\Agoda.Analyzers.Test\Agoda.Analyzers.Test.csproj::TargetFramework=net6]
C:\source\cursor\AgodaAnalyzers\AgodaAnalyzers\src\Agoda.Analyzers.Test\AgodaCustom\AG0048UnitTests.cs(175,34): error CS1002: ; expected [C:\source\cursor\AgodaAnalyzers\AgodaAnalyzers\src\Agoda.Analyzers.Test\Agoda.Analyzers.Test.csproj::TargetFramework=net6]
C:\source\cursor\AgodaAnalyzers\AgodaAnalyzers\src\Agoda.Analyzers.Test\AgodaCustom\AG0048UnitTests.cs(175,34): error CS1022: Type or namespace definition, or end-of-file expected [C:\source\cursor\AgodaAnalyzers\AgodaAnalyzers\src\Agoda.Analyzers.Test\Agoda.Analyzers.Test.csproj::TargetFramework=net6]
C:\source\cursor\AgodaAnalyzers\AgodaAnalyzers\src\Agoda.Analyzers.Test\AgodaCustom\AG0048UnitTests.cs(175,38): error CS1002: ; expected [C:\source\cursor\AgodaAnalyzers\AgodaAnalyzers\src\Agoda.Analyzers.Test\Agoda.Analyzers.Test.csproj::TargetFramework=net6]
C:\source\cursor\AgodaAnalyzers\AgodaAnalyzers\src\Agoda.Analyzers.Test\AgodaCustom\AG0048UnitTests.cs(175,39): error CS1056: Unexpected character '\' [C:\source\cursor\AgodaAnalyzers\AgodaAnalyzers\src\Agoda.Analyzers.Test\Agoda.Analyzers.Test.csproj::TargetFramework=net6]
C:\source\cursor\AgodaAnalyzers\AgodaAnalyzers\src\Agoda.Analyzers.Test\AgodaCustom\AG0048UnitTests.cs(175,40): error CS1010: Newline in constant [C:\source\cursor\AgodaAnalyzers\AgodaAnalyzers\src\Agoda.Analyzers.Test\Agoda.Analyzers.Test.csproj::TargetFramework=net6]
C:\source\cursor\AgodaAnalyzers\AgodaAnalyzers\src\Agoda.Analyzers.Test\AgodaCustom\AG0048UnitTests.cs(175,76): error CS1002: ; expected [C:\source\cursor\AgodaAnalyzers\AgodaAnalyzers\src\Agoda.Analyzers.Test\Agoda.Analyzers.Test.csproj::TargetFramework=net6]
C:\source\cursor\AgodaAnalyzers\AgodaAnalyzers\src\Agoda.Analyzers.Test\AgodaCustom\AG0048UnitTests.cs(176,5): error CS1022: Type or namespace definition, or end-of-file expected [C:\source\cursor\AgodaAnalyzers\AgodaAnalyzers\src\Agoda.Analyzers.Test\Agoda.Analyzers.Test.csproj::TargetFramework=net6]
C:\source\cursor\AgodaAnalyzers\AgodaAnalyzers\src\Agoda.Analyzers.Test\AgodaCustom\AG0048UnitTests.cs(177,1): error CS1022: Type or namespace definition, or end-of-file expected [C:\source\cursor\AgodaAnalyzers\AgodaAnalyzers\src\Agoda.Analyzers.Test\Agoda.Analyzers.Test.csproj::TargetFramework=net6]
C:\source\cursor\AgodaAnalyzers\AgodaAnalyzers\src\Agoda.Analyzers.Test\AgodaCustom\AG0048UnitTests.cs(177,2): error CS1010: Newline in constant [C:\source\cursor\AgodaAnalyzers\AgodaAnalyzers\src\Agoda.Analyzers.Test\Agoda.Analyzers.Test.csproj::TargetFramework=net6]
C:\source\cursor\AgodaAnalyzers\AgodaAnalyzers\src\Agoda.Analyzers.Test\AgodaCustom\AG0048UnitTests.cs(177,3): error CS1002: ; expected [C:\source\cursor\AgodaAnalyzers\AgodaAnalyzers\src\Agoda.Analyzers.Test\Agoda.Analyzers.Test.csproj::TargetFramework=net6]
C:\source\cursor\AgodaAnalyzers\AgodaAnalyzers\src\Agoda.Analyzers.Test\AgodaCustom\AG0048UnitTests.cs(178,9): error CS1022: Type or namespace definition, or end-of-file expected [C:\source\cursor\AgodaAnalyzers\AgodaAnalyzers\src\Agoda.Analyzers.Test\Agoda.Analyzers.Test.csproj::TargetFramework=net6]
C:\source\cursor\AgodaAnalyzers\AgodaAnalyzers\src\Agoda.Analyzers.Test\AgodaCustom\AG0048UnitTests.cs(181,5): error CS1022: Type or namespace definition, or end-of-file expected [C:\source\cursor\AgodaAnalyzers\AgodaAnalyzers\src\Agoda.Analyzers.Test\Agoda.Analyzers.Test.csproj::TargetFramework=net6]
C:\source\cursor\AgodaAnalyzers\AgodaAnalyzers\src\Agoda.Analyzers.Test\AgodaCustom\AG0048UnitTests.cs(188,1): error CS1022: Type or namespace definition, or end-of-file expected [C:\source\cursor\AgodaAnalyzers\AgodaAnalyzers\src\Agoda.Analyzers.Test\Agoda.Analyzers.Test.csproj::TargetFramework=net6]
